
> adversa@0.5.0 dev
> next dev

▲ Next.js 16.2.6 (Turbopack)
- Local:         http://localhost:3000
- Network:       http://10.160.8.104:3000
- Environments: .env.local
✓ Ready in 493ms

(node:33592) [DEP0205] DeprecationWarning: `module.register()` is deprecated. Use `module.registerHooks()` instead.
(Use `node --trace-deprecation ...` to show where the warning was created)
 GET / 200 in 1042ms (next.js: 716ms, application-code: 326ms)
 GET / 200 in 134ms (next.js: 20ms, application-code: 114ms)
 OPTIONS / 400 in 4ms
 OPTIONS / 400 in 2ms
 GET /nice%20ports%2C/Tri%6Eity.txt%2ebak 404 in 103ms (next.js: 60ms, application-code: 43ms)
 GET / 200 in 51ms (next.js: 3ms, application-code: 48ms)
 GET / 200 in 73ms (next.js: 9ms, application-code: 64ms)
 OPTIONS / 400 in 2ms
 OPTIONS / 400 in 4ms
 GET /nice%20ports%2C/Tri%6Eity.txt%2ebak 404 in 28ms (next.js: 5ms, application-code: 23ms)
 GET / 200 in 45ms (next.js: 1493µs, application-code: 43ms)
 GET / 200 in 155ms (next.js: 19ms, application-code: 136ms)
 OPTIONS / 400 in 3ms
 OPTIONS / 400 in 1617µs
 GET /nice%20ports%2C/Tri%6Eity.txt%2ebak 404 in 37ms (next.js: 9ms, application-code: 28ms)
 GET / 200 in 64ms (next.js: 2ms, application-code: 62ms)
 GET / 200 in 91ms (next.js: 8ms, application-code: 83ms)
 OPTIONS / 400 in 1652µs
 OPTIONS / 400 in 1381µs
 GET /nice%20ports%2C/Tri%6Eity.txt%2ebak 404 in 28ms (next.js: 4ms, application-code: 24ms)
 GET / 200 in 62ms (next.js: 1516µs, application-code: 60ms)
 GET / 200 in 125ms (next.js: 15ms, application-code: 110ms)
 OPTIONS / 400 in 4ms
 OPTIONS / 400 in 1753µs
 GET /nice%20ports%2C/Tri%6Eity.txt%2ebak 404 in 27ms (next.js: 3ms, application-code: 24ms)
 GET / 200 in 78ms (next.js: 4ms, application-code: 74ms)
 GET / 200 in 123ms (next.js: 10ms, application-code: 113ms)
 OPTIONS / 400 in 3ms
 OPTIONS / 400 in 3ms
 GET /nice%20ports%2C/Tri%6Eity.txt%2ebak 404 in 88ms (next.js: 3ms, application-code: 85ms)
 GET / 200 in 115ms (next.js: 6ms, application-code: 108ms)
 GET / 200 in 99ms (next.js: 13ms, application-code: 86ms)
 OPTIONS / 400 in 1958µs
 OPTIONS / 400 in 1240µs
 GET /nice%20ports%2C/Tri%6Eity.txt%2ebak 404 in 30ms (next.js: 5ms, application-code: 24ms)
 GET / 200 in 63ms (next.js: 1290µs, application-code: 62ms)
 GET / 200 in 93ms (next.js: 8ms, application-code: 85ms)
 OPTIONS / 400 in 3ms
 OPTIONS / 400 in 1328µs
 GET /nice%20ports%2C/Tri%6Eity.txt%2ebak 404 in 29ms (next.js: 4ms, application-code: 25ms)
 GET / 200 in 98ms (next.js: 5ms, application-code: 92ms)
 GET / 200 in 87ms (next.js: 8ms, application-code: 79ms)
 OPTIONS / 400 in 5ms
 OPTIONS / 400 in 1435µs
 GET /nice%20ports%2C/Tri%6Eity.txt%2ebak 404 in 29ms (next.js: 6ms, application-code: 23ms)
 GET / 200 in 95ms (next.js: 6ms, application-code: 89ms)
 GET / 200 in 126ms (next.js: 16ms, application-code: 110ms)
 OPTIONS / 400 in 6ms
 OPTIONS / 400 in 4ms
 GET /nice%20ports%2C/Tri%6Eity.txt%2ebak 404 in 35ms (next.js: 5ms, application-code: 29ms)
 GET / 200 in 91ms (next.js: 16ms, application-code: 75ms)
 GET / 200 in 119ms (next.js: 10ms, application-code: 109ms)
 OPTIONS / 400 in 3ms
 OPTIONS / 400 in 5ms
 GET /nice%20ports%2C/Tri%6Eity.txt%2ebak 404 in 27ms (next.js: 4ms, application-code: 23ms)
 GET / 200 in 46ms (next.js: 1750µs, application-code: 44ms)
 GET / 200 in 193ms (next.js: 35ms, application-code: 158ms)
 OPTIONS / 400 in 1644µs
 OPTIONS / 400 in 2ms
 GET /nice%20ports%2C/Tri%6Eity.txt%2ebak 404 in 29ms (next.js: 5ms, application-code: 24ms)
 GET / 200 in 54ms (next.js: 3ms, application-code: 51ms)
 GET / 200 in 54ms (next.js: 1572µs, application-code: 52ms)
 GET / 200 in 72ms (next.js: 7ms, application-code: 65ms)
 GET /api/auth/me 401 in 1249ms (next.js: 1155ms, application-code: 94ms)
 POST /api/auth/request 200 in 883ms (next.js: 627ms, application-code: 256ms)
 POST /api/auth/request 200 in 322ms (next.js: 195ms, application-code: 128ms)

[ADVERSA DEV] OTP for you@yourorg.com: 609911

 POST /api/auth/request 200 in 155ms (next.js: 67ms, application-code: 89ms)
 POST /api/auth/verify 200 in 534ms (next.js: 462ms, application-code: 72ms)

[ADVERSA DEV] OTP for you@yourorg.com: 133943

 POST /api/auth/request 200 in 87ms (next.js: 44ms, application-code: 43ms)
 POST /api/auth/verify 200 in 27ms (next.js: 6ms, application-code: 21ms)
